nohup: ignoring input
[run_train_1vmax_sequential] Starting Training_Policy_0.5u_1vmax_1.0_icVmax
Traceback (most recent call last):
  File "/home/gs34433/Research/Research_Repo/rl_loop.py", line 159, in <module>
    from core.plotting import (
    ...<5 lines>...
    )
  File "/home/gs34433/Research/Research_Repo/core/plotting.py", line 8, in <module>
    import matplotlib.pyplot as plt
ModuleNotFoundError: No module named 'matplotlib'
[run_train_1vmax_sequential] Training_Policy_0.5u_1vmax_1.0_icVmax failed with exit code 0; continuing
[run_train_1vmax_sequential] Starting Training_Policy_2.0u_1vmax_1.0_icVmax
Traceback (most recent call last):
  File "/home/gs34433/Research/Research_Repo/rl_loop.py", line 159, in <module>
    from core.plotting import (
    ...<5 lines>...
    )
  File "/home/gs34433/Research/Research_Repo/core/plotting.py", line 8, in <module>
    import matplotlib.pyplot as plt
ModuleNotFoundError: No module named 'matplotlib'
[run_train_1vmax_sequential] Training_Policy_2.0u_1vmax_1.0_icVmax failed with exit code 0; continuing
[run_train_1vmax_sequential] Starting Training_Policy_0.1u_1vmax_0.05_icVmax
Traceback (most recent call last):
  File "/home/gs34433/Research/Research_Repo/rl_loop.py", line 159, in <module>
    from core.plotting import (
    ...<5 lines>...
    )
  File "/home/gs34433/Research/Research_Repo/core/plotting.py", line 8, in <module>
    import matplotlib.pyplot as plt
ModuleNotFoundError: No module named 'matplotlib'
[run_train_1vmax_sequential] Training_Policy_0.1u_1vmax_0.05_icVmax failed with exit code 0; continuing
[run_train_1vmax_sequential] Done
