\BOOKMARK [0][-]{chapter*.6}{\376\377\000L\000i\000s\000t\000\040\000o\000f\000\040\000T\000a\000b\000l\000e\000s}{}% 1
\BOOKMARK [0][-]{chapter*.7}{\376\377\000L\000i\000s\000t\000\040\000o\000f\000\040\000F\000i\000g\000u\000r\000e\000s}{}% 2
\BOOKMARK [0][-]{chapter*.8}{\376\377\000G\000l\000o\000s\000s\000a\000r\000y}{}% 3
\BOOKMARK [0][-]{chapter.1}{\376\377\000C\000h\000a\000p\000t\000e\000r\000\040\0001\000:\000\040\000I\000n\000t\000r\000o\000d\000u\000c\000t\000i\000o\000n}{}% 4
\BOOKMARK [0][-]{chapter.2}{\376\377\000C\000h\000a\000p\000t\000e\000r\000\040\0002\000:\000\040\000P\000r\000o\000b\000l\000e\000m\000\040\000F\000o\000r\000m\000u\000l\000a\000t\000i\000o\000n}{}% 5
\BOOKMARK [1][-]{section.2.1}{\376\377\000H\000C\000W\000\040\000\050\000H\000i\000l\000l\040\023\000C\000l\000o\000h\000e\000s\000s\000y\040\023\000W\000i\000l\000t\000s\000h\000i\000r\000e\000\051\000\040\000o\000r\000b\000i\000t\000a\000l\000\040\000r\000e\000l\000a\000t\000i\000v\000e\000\040\000d\000y\000n\000a\000m\000i\000c\000s\000\040\000m\000o\000d\000e\000l}{chapter.2}% 6
\BOOKMARK [1][-]{section.2.2}{\376\377\000O\000r\000b\000i\000t\000s\000\040\000u\000s\000e\000d\000\040\000i\000n\000\040\000t\000h\000i\000s\000\040\000w\000o\000r\000k}{chapter.2}% 7
\BOOKMARK [1][-]{section.2.3}{\376\377\000F\000u\000l\000l\000-\000S\000t\000a\000t\000e\000\040\000a\000n\000d\000\040\000P\000a\000r\000t\000i\000a\000l\000\040\000O\000b\000s\000e\000r\000v\000a\000b\000i\000l\000i\000t\000y\000\040\000S\000e\000t\000t\000i\000n\000g\000s}{chapter.2}% 8
\BOOKMARK [1][-]{section.2.4}{\376\377\000A\000s\000s\000u\000m\000p\000t\000i\000o\000n\000s}{chapter.2}% 9
\BOOKMARK [0][-]{chapter.3}{\376\377\000C\000h\000a\000p\000t\000e\000r\000\040\0003\000:\000\040\000L\000i\000t\000e\000r\000a\000t\000u\000r\000e\000\040\000r\000e\000v\000i\000e\000w}{}% 10
\BOOKMARK [0][-]{chapter.4}{\376\377\000C\000h\000a\000p\000t\000e\000r\000\040\0004\000:\000\040\000M\000e\000t\000h\000o\000d\000o\000l\000o\000g\000y}{}% 11
\BOOKMARK [1][-]{section.4.1}{\376\377\000S\000t\000a\000t\000e\000,\000\040\000a\000c\000t\000i\000o\000n\000,\000\040\000a\000n\000d\000\040\000o\000b\000s\000e\000r\000v\000a\000t\000i\000o\000n\000.}{chapter.4}% 12
\BOOKMARK [1][-]{section.4.2}{\376\377\000R\000e\000w\000a\000r\000d\000\040\000s\000h\000a\000p\000i\000n\000g\000\040\000a\000n\000d\000\040\000t\000e\000r\000m\000i\000n\000a\000t\000i\000o\000n\000\040\000c\000o\000n\000d\000i\000t\000i\000o\000n\000s}{chapter.4}% 13
\BOOKMARK [2][-]{subsection.4.2.1}{\376\377\000P\000a\000r\000t\000i\000a\000l\000\040\000o\000b\000s\000e\000r\000v\000a\000b\000i\000l\000i\000t\000y\000\040\000v\000i\000a\000\040\000b\000e\000h\000a\000v\000i\000o\000r\000\040\000c\000l\000o\000n\000i\000n\000g}{section.4.2}% 14
\BOOKMARK [1][-]{section.4.3}{\376\377\000S\000i\000n\000g\000l\000e\000\040\000P\000h\000a\000s\000e\000\040\000P\000P\000O\000\040\000A\000l\000g\000o\000r\000i\000t\000h\000m}{chapter.4}% 15
\BOOKMARK [2][-]{subsection.4.3.1}{\376\377\000P\000o\000l\000i\000c\000y\000\040\000d\000e\000v\000e\000l\000o\000p\000m\000e\000n\000t}{section.4.3}% 16
\BOOKMARK [2][-]{subsection.4.3.2}{\376\377\000A\000d\000v\000a\000n\000t\000a\000g\000e\000\040\000E\000s\000t\000i\000m\000a\000t\000i\000o\000n\000\040\000a\000n\000d\000\040\000P\000P\000O\000\040\000O\000b\000j\000e\000c\000t\000i\000v\000e}{section.4.3}% 17
\BOOKMARK [2][-]{subsection.4.3.3}{\376\377\000E\000s\000t\000i\000m\000a\000t\000i\000o\000n\000\040\000m\000o\000d\000e\000l\000\040\000-\000\040\000B\000e\000a\000r\000i\000n\000g\000-\000O\000n\000l\000y\000\040\000E\000K\000F}{section.4.3}% 18
\BOOKMARK [2][-]{subsection.4.3.4}{\376\377\000C\000o\000n\000t\000r\000o\000l\000l\000e\000r\000\040\000m\000o\000d\000e\000l\000\040\000-\000\040\000C\000B\000F\000-\000Q\000P\000\040\000v\000e\000l\000o\000c\000i\000t\000y\000\040\000s\000a\000t\000u\000r\000a\000t\000i\000o\000n\000\040\000c\000o\000n\000t\000r\000o\000l\000l\000e\000r}{section.4.3}% 19
\BOOKMARK [1][-]{section.4.4}{\376\377\000P\000h\000a\000s\000e\000d\000\040\000S\000t\000a\000t\000i\000o\000n\000a\000r\000y\000\040\000T\000r\000a\000i\000n\000i\000n\000g\000\040\000S\000c\000h\000e\000d\000u\000l\000e}{chapter.4}% 20
\BOOKMARK [2][-]{subsection.4.4.1}{\376\377\000R\000u\000l\000e\000-\000B\000a\000s\000e\000d\000\040\000A\000t\000t\000a\000c\000k\000e\000r\000\040\000f\000o\000r\000\040\000p\000h\000a\000s\000e\000\040\0000\000\040\000d\000e\000f\000e\000n\000d\000e\000r\000\040\000w\000a\000r\000m\000\040\000s\000t\000a\000r\000t}{section.4.4}% 21
\BOOKMARK [1][-]{section.4.5}{\376\377\000I\000n\000f\000e\000r\000e\000n\000c\000e\000.}{chapter.4}% 22
\BOOKMARK [0][-]{chapter.5}{\376\377\000C\000h\000a\000p\000t\000e\000r\000\040\0005\000:\000\040\000T\000r\000a\000i\000n\000i\000n\000g\000\040\000E\000x\000p\000e\000r\000i\000m\000e\000n\000t\000s}{}% 23
\BOOKMARK [1][-]{section.5.1}{\376\377\000T\000r\000a\000i\000n\000i\000n\000g\000\040\000C\000u\000r\000v\000e\000s}{chapter.5}% 24
\BOOKMARK [1][-]{section.5.2}{\376\377\000T\000r\000a\000i\000n\000i\000n\000g\000\040\000c\000a\000s\000e\000\040\0001\000:\000\040\000u\000m\000a\000x\000\040\000=\000\040\0000\000.\0001\000\040\000m\000/\000s\0002\000,\000\040\000v\000m\000a\000x\000\040\000=\000\040\0001\000.\0000\000\040\000m\000/\000s\000,\000\040\000v\000m\000a\000x\000I\000C\000\040\000=\000\040\0000\000.\0000\0005\000\040\000m\000/\000s}{chapter.5}% 25
\BOOKMARK [1][-]{section.5.3}{\376\377\000T\000r\000a\000i\000n\000i\000n\000g\000\040\000c\000a\000s\000e\000\040\0002\000:\000\040\000u\000m\000a\000x\000\040\000=\000\040\0000\000.\0005\000\040\000m\000/\000s\0002\000,\000\040\000v\000m\000a\000x\000\040\000=\000\040\0001\000.\0005\000\040\000m\000/\000s\000,\000\040\000v\000m\000a\000x\000I\000C\000\040\000=\000\040\0000\000.\0002\0005\000\040\000m\000/\000s}{chapter.5}% 26
\BOOKMARK [1][-]{section.5.4}{\376\377\000T\000r\000a\000i\000n\000i\000n\000g\000\040\000C\000a\000s\000e\000\040\0003\000:\000\040\000u\000m\000a\000x\000\040\000=\000\040\0002\000.\0000\000\040\000m\000/\000s\0002\000,\000\040\000v\000m\000a\000x\000\040\000=\000\040\0001\000.\0000\000\040\000m\000/\000s\000,\000\040\000v\000m\000a\000x\000I\000C\000\040\000=\000\040\0001\000.\0000\000\040\000m\000/\000s}{chapter.5}% 27
\BOOKMARK [2][-]{subsection.5.4.1}{\376\377\000T\000r\000a\000i\000n\000i\000n\000g\000\040\000A\000n\000a\000l\000y\000s\000i\000s}{section.5.4}% 28
\BOOKMARK [0][-]{chapter.6}{\376\377\000C\000h\000a\000p\000t\000e\000r\000\040\0006\000:\000\040\000P\000o\000l\000i\000c\000y\000\040\000M\000o\000n\000t\000e\000\040\000C\000a\000r\000l\000o\000\040\000T\000e\000s\000t\000i\000n\000g}{}% 29
\BOOKMARK [1][-]{section.6.1}{\376\377\000S\000a\000m\000p\000l\000e\000\040\000R\000o\000l\000l\000o\000u\000t\000\040\000E\000x\000p\000l\000a\000i\000n\000e\000d\000\040\000i\000n\000\040\000I\000m\000a\000g\000e\000s}{chapter.6}% 30
\BOOKMARK [2][-]{subsection.6.1.1}{\376\377\000D\000e\000f\000e\000n\000d\000e\000r\000\040\000w\000i\000n}{section.6.1}% 31
\BOOKMARK [2][-]{subsection.6.1.2}{\376\377\000A\000t\000t\000a\000c\000k\000e\000r\000\040\000w\000i\000n}{section.6.1}% 32
\BOOKMARK [1][-]{section.6.2}{\376\377\000M\000e\000t\000r\000i\000c\000s\000\040\000a\000n\000d\000\040\000E\000v\000a\000l\000u\000a\000t\000i\000o\000n}{chapter.6}% 33
\BOOKMARK [1][-]{section.6.3}{\376\377\000M\000o\000n\000t\000e\000\040\000C\000a\000r\000l\000o\000\040\000O\000u\000t\000c\000o\000m\000e\000\040\000D\000i\000s\000t\000r\000i\000b\000u\000t\000i\000o\000n\000\040\000H\000i\000s\000t\000o\000g\000r\000a\000m\000s}{chapter.6}% 34
\BOOKMARK [2][-]{subsection.6.3.1}{\376\377\000T\000r\000a\000i\000n\000i\000n\000g\000\040\000c\000a\000s\000e\000:\000\040\000u\000m\000a\000x\000=\0000\000.\0001\000\040\000m\000/\000s\0002\000,\000\040\000v\000m\000a\000x\000=\0001\000\040\000m\000/\000s\000,\000\040\000v\000m\000a\000x\000I\000C\000=\0000\000.\0000\0005\000\040\000m\000/\000s}{section.6.3}% 35
\BOOKMARK [2][-]{subsection.6.3.2}{\376\377\000T\000r\000a\000i\000n\000i\000n\000g\000\040\000c\000a\000s\000e\000:\000\040\000u\000m\000a\000x\000=\0000\000.\0005\000\040\000m\000/\000s\0002\000,\000\040\000v\000m\000a\000x\000=\0001\000.\0005\000\040\000m\000/\000s\000,\000\040\000v\000m\000a\000x\000I\000C\000=\0000\000.\0002\0005\000\040\000m\000/\000s}{section.6.3}% 36
\BOOKMARK [2][-]{subsection.6.3.3}{\376\377\000T\000r\000a\000i\000n\000i\000n\000g\000\040\000c\000a\000s\000e\000:\000\040\000u\000m\000a\000x\000=\0002\000.\0000\000\040\000m\000/\000s\0002\000,\000\040\000v\000m\000a\000x\000=\0001\000\040\000m\000/\000s\000,\000\040\000v\000m\000a\000x\000I\000C\000=\0001\000.\0000\000\040\000m\000/\000s}{section.6.3}% 37
\BOOKMARK [2][-]{subsection.6.3.4}{\376\377\000A\000g\000g\000r\000e\000g\000a\000t\000e\000\040\000O\000u\000t\000c\000o\000m\000e\000\040\000D\000i\000s\000t\000r\000i\000b\000u\000t\000i\000o\000n\000s}{section.6.3}% 38
\BOOKMARK [1][-]{section.6.4}{\376\377\000A\000n\000a\000l\000y\000s\000i\000s\000\040\000o\000f\000\040\000r\000e\000s\000u\000l\000t\000s\000\040\000a\000n\000d\000\040\000a\000n\000e\000c\000d\000o\000t\000e\000s\000\040\000o\000f\000\040\000d\000e\000v\000e\000l\000o\000p\000m\000e\000n\000t}{chapter.6}% 39
\BOOKMARK [1][-]{section.6.5}{\376\377\000I\000d\000e\000a\000s\000\040\000f\000o\000r\000\040\000f\000u\000t\000u\000r\000e\000\040\000d\000e\000v\000e\000l\000o\000p\000m\000e\000n\000t}{chapter.6}% 40
\BOOKMARK [0][-]{chapter.7}{\376\377\000C\000h\000a\000p\000t\000e\000r\000\040\0007\000:\000\040\000C\000o\000n\000c\000l\000u\000s\000i\000o\000n}{}% 41
\BOOKMARK [0][-]{appendix.a.A}{\376\377\000A\000p\000p\000e\000n\000d\000i\000x\000\040\000A\000:\000\040\000T\000e\000r\000m\000i\000n\000o\000l\000o\000g\000y\000\040\000a\000n\000d\000\040\000D\000e\000f\000i\000n\000i\000t\000i\000o\000n\000s}{}% 42
\BOOKMARK [1][-]{section.a.A.1}{\376\377\000S\000y\000m\000b\000o\000l\000s\000\040\000a\000n\000d\000\040\000N\000o\000t\000a\000t\000i\000o\000n}{appendix.a.A}% 43
\BOOKMARK [1][-]{section.a.A.2}{\376\377\000C\000o\000n\000v\000e\000n\000t\000i\000o\000n\000s}{appendix.a.A}% 44
\BOOKMARK [1][-]{section.a.A.3}{\376\377\000I\000m\000p\000l\000e\000m\000e\000n\000t\000a\000t\000i\000o\000n\000\040\000t\000e\000r\000m\000i\000n\000o\000l\000o\000g\000y}{appendix.a.A}% 45
\BOOKMARK [0][-]{appendix.a.B}{\376\377\000A\000p\000p\000e\000n\000d\000i\000x\000\040\000B\000:\000\040\000T\000r\000a\000i\000n\000i\000n\000g\000\040\000H\000y\000p\000e\000r\000p\000a\000r\000a\000m\000e\000t\000e\000r\000s}{}% 46
\BOOKMARK [0][-]{appendix.a.C}{\376\377\000A\000p\000p\000e\000n\000d\000i\000x\000\040\000C\000:\000\040\000M\000o\000n\000t\000e\000\040\000C\000a\000r\000l\000o\000\040\000D\000i\000s\000p\000e\000r\000s\000i\000o\000n\000s}{}% 47
\BOOKMARK [0][-]{appendix.a.D}{\376\377\000A\000p\000p\000e\000n\000d\000i\000x\000\040\000D\000:\000\040\000E\000l\000l\000i\000p\000t\000i\000c\000\040\000O\000r\000b\000i\000t\000a\000l\000\040\000R\000e\000l\000a\000t\000i\000v\000e\000\040\000D\000y\000n\000a\000m\000i\000c\000s}{}% 48
\BOOKMARK [0][-]{appendix.a.E}{\376\377\000A\000p\000p\000e\000n\000d\000i\000x\000\040\000E\000:\000\040\000M\000o\000n\000t\000e\000\040\000C\000a\000r\000l\000o\000\040\000R\000e\000s\000u\000l\000t\000s\000\040\000i\000n\000\040\000T\000a\000b\000l\000e\000s}{}% 49
\BOOKMARK [1][-]{section.a.E.1}{\376\377\000T\000r\000a\000i\000n\000i\000n\000g\000\040\000c\000a\000s\000e\000:\000\040\000u\000m\000a\000x\000\040\000=\000\040\0000\000.\0001\000,\000\040\000v\000m\000a\000x\000\040\000=\000\040\0001\000,\000\040\000v\000m\000a\000x\000I\000C\000\040\000=\000\040\0000\000.\0000\0005}{appendix.a.E}% 50
\BOOKMARK [2][-]{subsection.a.E.1.1}{\376\377\000H\000C\000W}{section.a.E.1}% 51
\BOOKMARK [2][-]{subsection.a.E.1.2}{\376\377\000E\000l\000l\000i\000p\000t\000i\000c}{section.a.E.1}% 52
\BOOKMARK [1][-]{section.a.E.2}{\376\377\000T\000r\000a\000i\000n\000i\000n\000g\000\040\000c\000a\000s\000e\000:\000\040\000u\000m\000a\000x\000\040\000=\000\040\0000\000.\0005\000,\000\040\000v\000m\000a\000x\000\040\000=\000\040\0001\000.\0005\000,\000\040\000v\000m\000a\000x\000I\000C\000\040\000=\000\040\0000\000.\0002\0005}{appendix.a.E}% 53
\BOOKMARK [2][-]{subsection.a.E.2.1}{\376\377\000H\000C\000W}{section.a.E.2}% 54
\BOOKMARK [2][-]{subsection.a.E.2.2}{\376\377\000E\000l\000l\000i\000p\000t\000i\000c}{section.a.E.2}% 55
\BOOKMARK [1][-]{section.a.E.3}{\376\377\000T\000r\000a\000i\000n\000i\000n\000g\000\040\000c\000a\000s\000e\000:\000\040\000u\000m\000a\000x\000\040\000=\000\040\0002\000.\0000\000,\000\040\000v\000m\000a\000x\000\040\000=\000\040\0001\000,\000\040\000v\000m\000a\000x\000I\000C\000\040\000=\000\040\0001\000.\0000}{appendix.a.E}% 56
\BOOKMARK [2][-]{subsection.a.E.3.1}{\376\377\000H\000C\000W}{section.a.E.3}% 57
\BOOKMARK [2][-]{subsection.a.E.3.2}{\376\377\000E\000l\000l\000i\000p\000t\000i\000c}{section.a.E.3}% 58
\BOOKMARK [0][-]{appendix.a.F}{\376\377\000A\000p\000p\000e\000n\000d\000i\000x\000\040\000F\000:\000\040\000F\000a\000i\000l\000e\000d\000\040\000T\000r\000a\000i\000n\000i\000n\000g\000\040\000R\000u\000n\000s}{}% 59
\BOOKMARK [1][-]{section.a.F.1}{\376\377\000J\000o\000i\000n\000t\000\040\000T\000r\000a\000i\000n\000i\000n\000g\000\040\000C\000u\000r\000v\000e\000s\000\040\000f\000r\000o\000m\000\040\000F\000a\000i\000l\000e\000d\000\040\000R\000u\000n\000s}{appendix.a.F}% 60
\BOOKMARK [2][-]{subsection.a.F.1.1}{\376\377\000F\000a\000i\000l\000e\000d\000\040\000r\000u\000n\000:\000\040\000u\000m\000a\000x\000\040\000=\000\040\0000\000.\0005\000\040\000m\000/\000s\0002\000,\000\040\000v\000m\000a\000x\000\040\000=\000\040\0001\000.\0000\000\040\000m\000/\000s\000,\000\040\000v\000m\000a\000x\000I\000C\000\040\000=\000\040\0000\000.\0005\000\040\000m\000/\000s\000,\000\040\000K\000F\000\040\000o\000f\000f}{section.a.F.1}% 61
\BOOKMARK [2][-]{subsection.a.F.1.2}{\376\377\000F\000a\000i\000l\000e\000d\000\040\000r\000u\000n\000:\000\040\000u\000m\000a\000x\000\040\000=\000\040\0000\000.\0005\000\040\000m\000/\000s\0002\000,\000\040\000v\000m\000a\000x\000\040\000=\000\040\0001\000.\0005\000\040\000m\000/\000s\000,\000\040\000v\000m\000a\000x\000I\000C\000\040\000=\000\040\0001\000.\0000\000\040\000m\000/\000s\000,\000\040\000K\000F\000\040\000o\000f\000f}{section.a.F.1}% 62
\BOOKMARK [2][-]{subsection.a.F.1.3}{\376\377\000F\000a\000i\000l\000e\000d\000\040\000r\000u\000n\000:\000\040\000u\000m\000a\000x\000\040\000=\000\040\0000\000.\0005\000\040\000m\000/\000s\0002\000,\000\040\000v\000m\000a\000x\000\040\000=\000\040\0001\000.\0005\000\040\000m\000/\000s\000,\000\040\000v\000m\000a\000x\000I\000C\000\040\000=\000\040\0001\000.\0000\000\040\000m\000/\000s\000,\000\040\000K\000F\000\040\000o\000f\000f}{section.a.F.1}% 63
\BOOKMARK [2][-]{subsection.a.F.1.4}{\376\377\000F\000a\000i\000l\000e\000d\000\040\000r\000u\000n\000:\000\040\000u\000m\000a\000x\000\040\000=\000\040\0000\000.\0005\000\040\000m\000/\000s\0002\000,\000\040\000v\000m\000a\000x\000\040\000=\000\040\0001\000.\0005\000\040\000m\000/\000s\000,\000\040\000v\000m\000a\000x\000I\000C\000\040\000=\000\040\0001\000.\0000\000\040\000m\000/\000s\000,\000\040\000K\000F\000\040\000o\000f\000f}{section.a.F.1}% 64
\BOOKMARK [2][-]{subsection.a.F.1.5}{\376\377\000F\000a\000i\000l\000e\000d\000\040\000r\000u\000n\000:\000\040\000u\000m\000a\000x\000\040\000=\000\040\0000\000.\0005\000\040\000m\000/\000s\0002\000,\000\040\000v\000m\000a\000x\000\040\000=\000\040\0001\000.\0005\000\040\000m\000/\000s\000,\000\040\000v\000m\000a\000x\000I\000C\000\040\000=\000\040\0001\000.\0005\000\040\000m\000/\000s\000,\000\040\000K\000F\000\040\000o\000f\000f}{section.a.F.1}% 65
\BOOKMARK [2][-]{subsection.a.F.1.6}{\376\377\000F\000a\000i\000l\000e\000d\000\040\000r\000u\000n\000:\000\040\000u\000m\000a\000x\000\040\000=\000\040\0000\000.\0005\000\040\000m\000/\000s\0002\000,\000\040\000v\000m\000a\000x\000\040\000=\000\040\0001\000.\0000\000\040\000m\000/\000s\000,\000\040\000v\000m\000a\000x\000I\000C\000\040\000=\000\040\0000\000.\0002\0005\000\040\000m\000/\000s\000,\000\040\000K\000F\000\040\000o\000f\000f}{section.a.F.1}% 66
\BOOKMARK [2][-]{subsection.a.F.1.7}{\376\377\000F\000a\000i\000l\000e\000d\000\040\000r\000u\000n\000:\000\040\000u\000m\000a\000x\000\040\000=\000\040\0000\000.\0005\000\040\000m\000/\000s\0002\000,\000\040\000v\000m\000a\000x\000\040\000=\000\040\0001\000.\0000\000\040\000m\000/\000s\000,\000\040\000v\000m\000a\000x\000I\000C\000\040\000=\000\040\0000\000.\0005\000\040\000m\000/\000s\000,\000\040\000K\000F\000\040\000o\000f\000f}{section.a.F.1}% 67
\BOOKMARK [2][-]{subsection.a.F.1.8}{\376\377\000F\000a\000i\000l\000e\000d\000\040\000r\000u\000n\000:\000\040\000u\000m\000a\000x\000\040\000=\000\040\0000\000.\0005\000\040\000m\000/\000s\0002\000,\000\040\000v\000m\000a\000x\000\040\000=\000\040\0001\000.\0000\000\040\000m\000/\000s\000,\000\040\000v\000m\000a\000x\000I\000C\000\040\000=\000\040\0000\000.\0005\000\040\000m\000/\000s\000,\000\040\000K\000F\000\040\000o\000n\000,\000\040\000m\000e\000a\000s\000u\000r\000e\000d\000-\000c\000o\000n\000t\000r\000o\000l\000\040\000p\000r\000i\000o\000r\000,\000\040\000p\000r\000i\000o\000r\000\040\000n\000o\000i\000s\000e\000\040\000s\000t\000d\000.\000\040\000=\000\040\0000\000.\0000\0002\0005\000\040\000m\000/\000s\0002}{section.a.F.1}% 68
\BOOKMARK [2][-]{subsection.a.F.1.9}{\376\377\000F\000a\000i\000l\000e\000d\000\040\000r\000u\000n\000:\000\040\000u\000m\000a\000x\000\040\000=\000\040\0000\000.\0005\000\040\000m\000/\000s\0002\000,\000\040\000v\000m\000a\000x\000\040\000=\000\040\0001\000.\0000\000\040\000m\000/\000s\000,\000\040\000v\000m\000a\000x\000I\000C\000\040\000=\000\040\0001\000.\0000\000\040\000m\000/\000s\000,\000\040\000K\000F\000\040\000o\000f\000f}{section.a.F.1}% 69
\BOOKMARK [0][-]{appendix.a.G}{\376\377\000A\000p\000p\000e\000n\000d\000i\000x\000\040\000G\000:\000\040\000L\000e\000g\000a\000c\000y\000\040\000E\000K\000F\000-\000B\000C\000\040\000N\000o\000i\000s\000e\000\040\000S\000t\000u\000d\000y}{}% 70
\BOOKMARK [1][-]{section.a.G.1}{\376\377\000E\000K\000F\000-\000B\000C\000\040\000T\000r\000a\000i\000n\000i\000n\000g\000\040\000C\000u\000r\000v\000e\000s\000\040\000U\000n\000d\000e\000r\000\040\000D\000i\000f\000f\000e\000r\000e\000n\000t\000\040\000M\000e\000a\000s\000u\000r\000e\000m\000e\000n\000t\000\040\000N\000o\000i\000s\000e\000\040\000S\000e\000t\000t\000i\000n\000g\000s}{appendix.a.G}% 71
\BOOKMARK [2][-]{subsection.a.G.1.1}{\376\377\000u\000m\000a\000x\000\040\000=\000\040\0002\000.\0000\000\040\000m\000/\000s\0002\000,\000\040\000v\000m\000a\000x\000\040\000=\000\040\0001\000.\0000\000\040\000m\000/\000s\000,\000\040\000v\000m\000a\000x\000I\000C\000\040\000=\000\040\0000\000.\0005\000\040\000m\000/\000s\000,\000\040\000g\000r\000o\000u\000n\000d\000-\000t\000r\000u\000t\000h\000\040\000p\000r\000i\000o\000r\000\040\000a\000c\000t\000i\000o\000n}{section.a.G.1}% 72
\BOOKMARK [2][-]{subsection.a.G.1.2}{\376\377\000u\000m\000a\000x\000\040\000=\000\040\0002\000.\0000\000\040\000m\000/\000s\0002\000,\000\040\000v\000m\000a\000x\000\040\000=\000\040\0001\000.\0000\000\040\000m\000/\000s\000,\000\040\000v\000m\000a\000x\000I\000C\000\040\000=\000\040\0000\000.\0005\000\040\000m\000/\000s\000,\000\040\000m\000e\000a\000s\000u\000r\000e\000d\000-\000a\000c\000t\000i\000o\000n\000\040\000p\000r\000i\000o\000r\000,\000\040\000a\000c\000t\000i\000o\000n\000-\000m\000e\000a\000s\000u\000r\000e\000m\000e\000n\000t\000\040\000n\000o\000i\000s\000e\000\040\000s\000t\000d\000.\000\040\000=\000\040\0000\000.\0005\000\040\000m\000/\000s\0002}{section.a.G.1}% 73
\BOOKMARK [2][-]{subsection.a.G.1.3}{\376\377\000u\000m\000a\000x\000\040\000=\000\040\0002\000.\0000\000\040\000m\000/\000s\0002\000,\000\040\000v\000m\000a\000x\000\040\000=\000\040\0001\000.\0000\000\040\000m\000/\000s\000,\000\040\000v\000m\000a\000x\000I\000C\000\040\000=\000\040\0000\000.\0005\000\040\000m\000/\000s\000,\000\040\000m\000e\000a\000s\000u\000r\000e\000d\000-\000a\000c\000t\000i\000o\000n\000\040\000p\000r\000i\000o\000r\000,\000\040\000a\000c\000t\000i\000o\000n\000-\000m\000e\000a\000s\000u\000r\000e\000m\000e\000n\000t\000\040\000n\000o\000i\000s\000e\000\040\000s\000t\000d\000.\000\040\000=\000\040\0001\000.\0000\000\040\000m\000/\000s\0002}{section.a.G.1}% 74
\BOOKMARK [0][-]{appendix*.19}{\376\377\000W\000o\000r\000k\000s\000\040\000C\000i\000t\000e\000d}{}% 75
\BOOKMARK [0][-]{appendix*.20}{\376\377\000V\000i\000t\000a}{}% 76
